// Jest Snapshot v1, https://goo.gl/fbAQLP

exports[`renders Cards as expected 1`] = `
<div
  className="Card"
>
  <button
    type="button"
  >
    delete
  </button>
</div>
`;
